../Core/Src/main.c:98:5:main	8	static
../Core/Src/main.c:158:6:SystemClock_Config	88	static
../Core/Src/main.c:205:13:MX_ADC1_Init	56	static
../Core/Src/main.c:277:13:MX_ADC2_Init	40	static
../Core/Src/main.c:340:13:MX_TIM1_Init	120	static
../Core/Src/main.c:422:13:MX_TIM3_Init	40	static
../Core/Src/main.c:467:13:MX_TIM4_Init	40	static
../Core/Src/main.c:512:13:MX_TIM6_Init	24	static
../Core/Src/main.c:550:13:MX_GPIO_Init	48	static
../Core/Src/main.c:578:6:HAL_TIM_PeriodElapsedCallback	16	static
../Core/Src/main.c:590:6:HAL_ADC_ConvCpltCallback	16	static
../Core/Src/main.c:629:6:Error_Handler	4	static,ignoring_inline_asm
